EN n_max NULL //students/wz292583/Studia/Studia.Aktualne/PUL/Task1/minmax.vhd sub00/vhpl06 1369138937
AR min_bit_propagator behavioral //students/wz292583/Studia/Studia.Aktualne/PUL/Task1/minmax.vhd sub00/vhpl03 1369138934
AR bit_shifter behavioral //students/wz292583/Studia/Studia.Aktualne/PUL/Task1/n_unary_counter.vhd sub00/vhpl09 1369138940
EN magic_box NULL //students/wz292583/Studia/Studia.Aktualne/PUL/Task1/magic_box.vhd sub00/vhpl20 1369138951
AR n_median behavioral //students/wz292583/Studia/Studia.Aktualne/PUL/Task1/n_median.vhd sub00/vhpl19 1369138950
AR main behavioral //students/wz292583/Studia/Studia.Aktualne/PUL/Task1/main.vhd sub00/vhpl23 1369138954
EN n_min NULL //students/wz292583/Studia/Studia.Aktualne/PUL/Task1/minmax.vhd sub00/vhpl04 1369138935
AR max_bit_propagator behavioral //students/wz292583/Studia/Studia.Aktualne/PUL/Task1/minmax.vhd sub00/vhpl01 1369138932
EN max_bit_propagator NULL //students/wz292583/Studia/Studia.Aktualne/PUL/Task1/minmax.vhd sub00/vhpl00 1369138931
AR magic_box behavioral //students/wz292583/Studia/Studia.Aktualne/PUL/Task1/magic_box.vhd sub00/vhpl21 1369138952
EN n_unary_counter NULL //students/wz292583/Studia/Studia.Aktualne/PUL/Task1/n_unary_counter.vhd sub00/vhpl12 1369138943
AR median_step behavioral //students/wz292583/Studia/Studia.Aktualne/PUL/Task1/n_median.vhd sub00/vhpl17 1369138948
EN main NULL //students/wz292583/Studia/Studia.Aktualne/PUL/Task1/main.vhd sub00/vhpl22 1369138953
AR n_min behavioral //students/wz292583/Studia/Studia.Aktualne/PUL/Task1/minmax.vhd sub00/vhpl05 1369138936
AR n_max behavioral //students/wz292583/Studia/Studia.Aktualne/PUL/Task1/minmax.vhd sub00/vhpl07 1369138938
EN n_median NULL //students/wz292583/Studia/Studia.Aktualne/PUL/Task1/n_median.vhd sub00/vhpl18 1369138949
EN bit_shifter NULL //students/wz292583/Studia/Studia.Aktualne/PUL/Task1/n_unary_counter.vhd sub00/vhpl08 1369138939
AR n_shifter behavioral //students/wz292583/Studia/Studia.Aktualne/PUL/Task1/n_unary_counter.vhd sub00/vhpl11 1369138942
EN bit_anihilator NULL //students/wz292583/Studia/Studia.Aktualne/PUL/Task1/n_median.vhd sub00/vhpl14 1369138945
EN min_bit_propagator NULL //students/wz292583/Studia/Studia.Aktualne/PUL/Task1/minmax.vhd sub00/vhpl02 1369138933
EN n_shifter NULL //students/wz292583/Studia/Studia.Aktualne/PUL/Task1/n_unary_counter.vhd sub00/vhpl10 1369138941
EN median_step NULL //students/wz292583/Studia/Studia.Aktualne/PUL/Task1/n_median.vhd sub00/vhpl16 1369138947
AR n_unary_counter behavioral //students/wz292583/Studia/Studia.Aktualne/PUL/Task1/n_unary_counter.vhd sub00/vhpl13 1369138944
AR bit_anihilator behavioral //students/wz292583/Studia/Studia.Aktualne/PUL/Task1/n_median.vhd sub00/vhpl15 1369138946
