V3 3
FL //students/wz292583/Studia/Studia.Aktualne/PUL/Task3c/main.vhd 2013/05/21.14:09:01 P.28xd
EN work/Main 1369138162 \
      FL //students/wz292583/Studia/Studia.Aktualne/PUL/Task3c/main.vhd \
      PB ieee/std_logic_1164 1341906176
AR work/Main/Behavioral 1369138163 \
      FL //students/wz292583/Studia/Studia.Aktualne/PUL/Task3c/main.vhd \
      EN work/Main 1369138162
